https://peropesis.org/bundle/
https://github.com/bakkeby/dwm-commented
https://no.flixable.com/
https://www.youtube.com/watch?v=u2F_Lif4KGA&list=PLyxjkYF62ii8ZgaRBPlj9nVIoOeIaszw-
http://mech.math.msu.su/~vvb/2course/Borisenko/CppProjects/GWindow/xintro.html
https://linuxgazette.net/issue78/tougher.html
https://suckless.org/
https://nomadbsd.org/
https://www.midnightbsd.org/download/
https://ghostbsd.org/
https://www.dragonflybsd.org/
https://www.netbsd.org/
https://www.openbsd.org/
https://www.freebsd.org/
https://en.wikipedia.org/wiki/Xlib
https://en.wikibooks.org/wiki/X_Window_Programming/XCB
https://en.wikibooks.org/wiki/X_Window_Programming/Xlib
https://handmade.network/forums/articles/t/2834-tutorial_a_tour_through_xlib_and_related_technologies
https://onlinetexttools.com/convert-text-to-image
https://tronche.com/gui/x/xlib/
https://www.cpubenchmark.net/compare/514vs2195/Celeron-Dual-Core-T3300-vs-AMD-Athlon-5350-APU
https://www.x.org/releases/current/doc/libX11/libX11/libX11.html#Introduction_to_Xlib
https://www.youtube.com/watch?v=qZmJwk2xrJ0
https://youtube.com
